
> build
> tsc && vite build

resources/js/Pages/Hukum/DaftarDokumen.tsx(53,36): error TS2345: Argument of type 'SearchValues' is not assignable to parameter of type 'RequestPayload | undefined'.
  Type 'SearchValues' is not assignable to type 'Record<string, FormDataConvertible>'.
    Index signature for type 'string' is missing in type 'SearchValues'.
